=== RUN   TestGraphVisualization
=== RUN   TestGraphVisualization/DOT_Output
=== RUN   TestGraphVisualization/SVG_Output
=== RUN   TestGraphVisualization/Mermaid_Output
    graph_visualization_test.go:93: Output missing expected string: subgraph Threats
--- FAIL: TestGraphVisualization (2.11s)
    --- PASS: TestGraphVisualization/DOT_Output (0.81s)
    --- PASS: TestGraphVisualization/SVG_Output (0.67s)
    --- FAIL: TestGraphVisualization/Mermaid_Output (0.64s)
FAIL
FAIL	command-line-arguments	2.274s
FAIL
